[2024-02-18T18:06:52.348+0000][gc,heap] Heap region size: 1M
[2024-02-18T18:06:52.372+0000][gc     ] Using G1
[2024-02-18T18:06:52.372+0000][gc,heap,coops] Heap address: 0x00000000c0000000, size: 1024 MB, Compressed Oops mode: 32-bit
[2024-02-18T18:06:52.372+0000][gc,cds       ] Mark closed archive regions in map: [0x00000000fff00000, 0x00000000fff6bff8]
[2024-02-18T18:06:52.372+0000][gc,cds       ] Mark open archive regions in map: [0x00000000ffe00000, 0x00000000ffe47ff8]
[2024-02-18T18:06:53.962+0000][gc,start     ] GC(0) Pause Young (Normal) (G1 Evacuation Pause)
[2024-02-18T18:06:53.962+0000][gc,task      ] GC(0) Using 2 workers of 2 for evacuation
[2024-02-18T18:06:53.979+0000][gc,phases    ] GC(0)   Pre Evacuate Collection Set: 0.0ms
[2024-02-18T18:06:53.979+0000][gc,phases    ] GC(0)   Evacuate Collection Set: 16.2ms
[2024-02-18T18:06:53.979+0000][gc,phases    ] GC(0)   Post Evacuate Collection Set: 0.3ms
[2024-02-18T18:06:53.979+0000][gc,phases    ] GC(0)   Other: 0.3ms
[2024-02-18T18:06:53.979+0000][gc,heap      ] GC(0) Eden regions: 51->0(44)
[2024-02-18T18:06:53.979+0000][gc,heap      ] GC(0) Survivor regions: 0->7(7)
[2024-02-18T18:06:53.979+0000][gc,heap      ] GC(0) Old regions: 2->2
[2024-02-18T18:06:53.979+0000][gc,heap      ] GC(0) Humongous regions: 0->0
[2024-02-18T18:06:53.979+0000][gc,metaspace ] GC(0) Metaspace: 16628K(17280K)->16628K(17280K) NonClass: 14430K(14848K)->14430K(14848K) Class: 2197K(2432K)->2197K(2432K)
[2024-02-18T18:06:53.979+0000][gc           ] GC(0) Pause Young (Normal) (G1 Evacuation Pause) 51M->7M(1024M) 17.002ms
[2024-02-18T18:06:53.979+0000][gc,cpu       ] GC(0) User=0.03s Sys=0.00s Real=0.02s
[2024-02-18T18:06:54.282+0000][gc,start     ] GC(1) Pause Young (Concurrent Start) (Metadata GC Threshold)
[2024-02-18T18:06:54.282+0000][gc,task      ] GC(1) Using 2 workers of 2 for evacuation
[2024-02-18T18:06:54.310+0000][gc,mmu       ] GC(1) MMU target violated: 21.0ms (20.0ms/21.0ms)
[2024-02-18T18:06:54.310+0000][gc,phases    ] GC(1)   Pre Evacuate Collection Set: 0.1ms
[2024-02-18T18:06:54.310+0000][gc,phases    ] GC(1)   Evacuate Collection Set: 27.3ms
[2024-02-18T18:06:54.310+0000][gc,phases    ] GC(1)   Post Evacuate Collection Set: 0.3ms
[2024-02-18T18:06:54.310+0000][gc,phases    ] GC(1)   Other: 0.3ms
[2024-02-18T18:06:54.310+0000][gc,heap      ] GC(1) Eden regions: 17->0(50)
[2024-02-18T18:06:54.310+0000][gc,heap      ] GC(1) Survivor regions: 7->1(7)
[2024-02-18T18:06:54.310+0000][gc,heap      ] GC(1) Old regions: 2->9
[2024-02-18T18:06:54.310+0000][gc,heap      ] GC(1) Humongous regions: 0->0
[2024-02-18T18:06:54.310+0000][gc,metaspace ] GC(1) Metaspace: 20569K(21248K)->20569K(21248K) NonClass: 17758K(18176K)->17758K(18176K) Class: 2811K(3072K)->2811K(3072K)
[2024-02-18T18:06:54.310+0000][gc           ] GC(1) Pause Young (Concurrent Start) (Metadata GC Threshold) 23M->7M(1024M) 28.150ms
[2024-02-18T18:06:54.310+0000][gc,cpu       ] GC(1) User=0.04s Sys=0.00s Real=0.03s
[2024-02-18T18:06:54.310+0000][gc           ] GC(2) Concurrent Cycle
[2024-02-18T18:06:54.310+0000][gc,marking   ] GC(2) Concurrent Clear Claimed Marks
[2024-02-18T18:06:54.310+0000][gc,marking   ] GC(2) Concurrent Clear Claimed Marks 0.068ms
[2024-02-18T18:06:54.310+0000][gc,marking   ] GC(2) Concurrent Scan Root Regions
[2024-02-18T18:06:54.311+0000][gc,marking   ] GC(2) Concurrent Scan Root Regions 0.824ms
[2024-02-18T18:06:54.311+0000][gc,marking   ] GC(2) Concurrent Mark (1.967s)
[2024-02-18T18:06:54.311+0000][gc,marking   ] GC(2) Concurrent Mark From Roots
[2024-02-18T18:06:54.311+0000][gc,task      ] GC(2) Using 1 workers of 1 for marking
[2024-02-18T18:06:54.327+0000][gc,marking   ] GC(2) Concurrent Mark From Roots 15.550ms
[2024-02-18T18:06:54.327+0000][gc,marking   ] GC(2) Concurrent Preclean
[2024-02-18T18:06:54.327+0000][gc,marking   ] GC(2) Concurrent Preclean 0.090ms
[2024-02-18T18:06:54.327+0000][gc,marking   ] GC(2) Concurrent Mark (1.967s, 1.983s) 15.869ms
[2024-02-18T18:06:54.328+0000][gc,start     ] GC(2) Pause Remark
[2024-02-18T18:06:54.331+0000][gc,stringtable] GC(2) Cleaned string and symbol table, strings: 5532 processed, 0 removed, symbols: 50560 processed, 50 removed
[2024-02-18T18:06:54.331+0000][gc            ] GC(2) Pause Remark 8M->8M(1024M) 3.193ms
[2024-02-18T18:06:54.331+0000][gc,cpu        ] GC(2) User=0.00s Sys=0.00s Real=0.01s
[2024-02-18T18:06:54.331+0000][gc,marking    ] GC(2) Concurrent Rebuild Remembered Sets
[2024-02-18T18:06:54.336+0000][gc,marking    ] GC(2) Concurrent Rebuild Remembered Sets 4.700ms
[2024-02-18T18:06:54.336+0000][gc,start      ] GC(2) Pause Cleanup
[2024-02-18T18:06:54.336+0000][gc            ] GC(2) Pause Cleanup 8M->8M(1024M) 0.219ms
[2024-02-18T18:06:54.336+0000][gc,cpu        ] GC(2) User=0.00s Sys=0.00s Real=0.00s
[2024-02-18T18:06:54.336+0000][gc,marking    ] GC(2) Concurrent Cleanup for Next Mark
[2024-02-18T18:06:54.338+0000][gc,marking    ] GC(2) Concurrent Cleanup for Next Mark 2.130ms
[2024-02-18T18:06:54.338+0000][gc            ] GC(2) Concurrent Cycle 28.156ms
[2024-02-18T18:06:55.389+0000][gc,start      ] GC(3) Pause Young (Normal) (G1 Evacuation Pause)
[2024-02-18T18:06:55.389+0000][gc,task       ] GC(3) Using 2 workers of 2 for evacuation
[2024-02-18T18:06:55.405+0000][gc,phases     ] GC(3)   Pre Evacuate Collection Set: 0.0ms
[2024-02-18T18:06:55.405+0000][gc,phases     ] GC(3)   Evacuate Collection Set: 13.1ms
[2024-02-18T18:06:55.405+0000][gc,phases     ] GC(3)   Post Evacuate Collection Set: 2.6ms
[2024-02-18T18:06:55.406+0000][gc,phases     ] GC(3)   Other: 0.4ms
[2024-02-18T18:06:55.406+0000][gc,heap       ] GC(3) Eden regions: 50->0(45)
[2024-02-18T18:06:55.406+0000][gc,heap       ] GC(3) Survivor regions: 1->6(7)
[2024-02-18T18:06:55.406+0000][gc,heap       ] GC(3) Old regions: 9->9
[2024-02-18T18:06:55.406+0000][gc,heap       ] GC(3) Humongous regions: 129->129
[2024-02-18T18:06:55.406+0000][gc,metaspace  ] GC(3) Metaspace: 30492K(31612K)->30492K(31612K) NonClass: 26724K(27392K)->26724K(27392K) Class: 3768K(4220K)->3768K(4220K)
[2024-02-18T18:06:55.406+0000][gc            ] GC(3) Pause Young (Normal) (G1 Evacuation Pause) 186M->141M(1024M) 16.761ms
[2024-02-18T18:06:55.406+0000][gc,cpu        ] GC(3) User=0.01s Sys=0.00s Real=0.01s
[2024-02-18T18:08:06.721+0000][gc,start      ] GC(4) Pause Young (Concurrent Start) (Metadata GC Threshold)
[2024-02-18T18:08:06.721+0000][gc,task       ] GC(4) Using 2 workers of 2 for evacuation
[2024-02-18T18:08:06.730+0000][gc,phases     ] GC(4)   Pre Evacuate Collection Set: 0.1ms
[2024-02-18T18:08:06.730+0000][gc,phases     ] GC(4)   Evacuate Collection Set: 8.4ms
[2024-02-18T18:08:06.730+0000][gc,phases     ] GC(4)   Post Evacuate Collection Set: 0.3ms
[2024-02-18T18:08:06.730+0000][gc,phases     ] GC(4)   Other: 0.2ms
[2024-02-18T18:08:06.730+0000][gc,heap       ] GC(4) Eden regions: 20->0(49)
[2024-02-18T18:08:06.730+0000][gc,heap       ] GC(4) Survivor regions: 6->2(7)
[2024-02-18T18:08:06.730+0000][gc,heap       ] GC(4) Old regions: 9->13
[2024-02-18T18:08:06.730+0000][gc,heap       ] GC(4) Humongous regions: 129->129
[2024-02-18T18:08:06.730+0000][gc,metaspace  ] GC(4) Metaspace: 34622K(36048K)->34622K(36048K) NonClass: 30238K(30976K)->30238K(30976K) Class: 4383K(5072K)->4383K(5072K)
[2024-02-18T18:08:06.730+0000][gc            ] GC(4) Pause Young (Concurrent Start) (Metadata GC Threshold) 160M->141M(1024M) 9.195ms
[2024-02-18T18:08:06.730+0000][gc,cpu        ] GC(4) User=0.01s Sys=0.00s Real=0.01s
[2024-02-18T18:08:06.730+0000][gc            ] GC(5) Concurrent Cycle
[2024-02-18T18:08:06.730+0000][gc,marking    ] GC(5) Concurrent Clear Claimed Marks
[2024-02-18T18:08:06.730+0000][gc,marking    ] GC(5) Concurrent Clear Claimed Marks 0.052ms
[2024-02-18T18:08:06.730+0000][gc,marking    ] GC(5) Concurrent Scan Root Regions
[2024-02-18T18:08:06.735+0000][gc,marking    ] GC(5) Concurrent Scan Root Regions 4.547ms
[2024-02-18T18:08:06.735+0000][gc,marking    ] GC(5) Concurrent Mark (74.391s)
[2024-02-18T18:08:06.735+0000][gc,marking    ] GC(5) Concurrent Mark From Roots
[2024-02-18T18:08:06.735+0000][gc,task       ] GC(5) Using 1 workers of 1 for marking
[2024-02-18T18:08:06.780+0000][gc,marking    ] GC(5) Concurrent Mark From Roots 44.641ms
[2024-02-18T18:08:06.780+0000][gc,marking    ] GC(5) Concurrent Preclean
[2024-02-18T18:08:06.780+0000][gc,marking    ] GC(5) Concurrent Preclean 0.262ms
[2024-02-18T18:08:06.780+0000][gc,marking    ] GC(5) Concurrent Mark (74.391s, 74.436s) 45.176ms
[2024-02-18T18:08:06.780+0000][gc,start      ] GC(5) Pause Remark
[2024-02-18T18:08:06.785+0000][gc,stringtable] GC(5) Cleaned string and symbol table, strings: 10105 processed, 10 removed, symbols: 80793 processed, 25 removed
[2024-02-18T18:08:06.785+0000][gc            ] GC(5) Pause Remark 143M->143M(1024M) 4.198ms
[2024-02-18T18:08:06.785+0000][gc,cpu        ] GC(5) User=0.01s Sys=0.00s Real=0.00s
[2024-02-18T18:08:06.785+0000][gc,marking    ] GC(5) Concurrent Rebuild Remembered Sets
[2024-02-18T18:08:06.794+0000][gc,marking    ] GC(5) Concurrent Rebuild Remembered Sets 9.179ms
[2024-02-18T18:08:06.795+0000][gc,start      ] GC(5) Pause Cleanup
[2024-02-18T18:08:06.795+0000][gc            ] GC(5) Pause Cleanup 144M->144M(1024M) 0.303ms
[2024-02-18T18:08:06.795+0000][gc,cpu        ] GC(5) User=0.00s Sys=0.00s Real=0.00s
[2024-02-18T18:08:06.795+0000][gc,marking    ] GC(5) Concurrent Cleanup for Next Mark
[2024-02-18T18:08:06.804+0000][gc,marking    ] GC(5) Concurrent Cleanup for Next Mark 8.334ms
[2024-02-18T18:08:06.804+0000][gc            ] GC(5) Concurrent Cycle 73.447ms
