[2023-11-10T15:53:38.600+0000][gc] Using G1
[2023-11-10T15:53:38.615+0000][gc,init] Version: 17.0.8.1+1-LTS (release)
[2023-11-10T15:53:38.615+0000][gc,init] CPUs: 2 total, 2 available
[2023-11-10T15:53:38.615+0000][gc,init] Memory: 7929M
[2023-11-10T15:53:38.615+0000][gc,init] Large Page Support: Disabled
[2023-11-10T15:53:38.615+0000][gc,init] NUMA Support: Disabled
[2023-11-10T15:53:38.615+0000][gc,init] Compressed Oops: Enabled (32-bit)
[2023-11-10T15:53:38.615+0000][gc,init] Heap Region Size: 1M
[2023-11-10T15:53:38.615+0000][gc,init] Heap Min Capacity: 1G
[2023-11-10T15:53:38.615+0000][gc,init] Heap Initial Capacity: 1G
[2023-11-10T15:53:38.615+0000][gc,init] Heap Max Capacity: 1G
[2023-11-10T15:53:38.615+0000][gc,init] Pre-touch: Disabled
[2023-11-10T15:53:38.615+0000][gc,init] Parallel Workers: 2
[2023-11-10T15:53:38.615+0000][gc,init] Concurrent Workers: 1
[2023-11-10T15:53:38.615+0000][gc,init] Concurrent Refinement Workers: 2
[2023-11-10T15:53:38.615+0000][gc,init] Periodic GC: Disabled
[2023-11-10T15:53:38.621+0000][gc,metaspace] CDS archive(s) mapped at: [0x00007effeb000000-0x00007effebbeb000-0x00007effebbeb000), size 12496896, SharedBaseAddress: 0x00007effeb000000, ArchiveRelocationMode: 1.
[2023-11-10T15:53:38.621+0000][gc,metaspace] Compressed class space mapped at: 0x00007effec000000-0x00007f002c000000, reserved size: 1073741824
[2023-11-10T15:53:38.621+0000][gc,metaspace] Narrow klass base: 0x00007effeb000000, Narrow klass shift: 0, Narrow klass range: 0x100000000
[2023-11-10T15:53:40.152+0000][gc,start    ] GC(0) Pause Young (Normal) (G1 Evacuation Pause)
[2023-11-10T15:53:40.152+0000][gc,task     ] GC(0) Using 2 workers of 2 for evacuation
[2023-11-10T15:53:40.160+0000][gc,phases   ] GC(0)   Pre Evacuate Collection Set: 0.1ms
[2023-11-10T15:53:40.160+0000][gc,phases   ] GC(0)   Merge Heap Roots: 0.1ms
[2023-11-10T15:53:40.160+0000][gc,phases   ] GC(0)   Evacuate Collection Set: 7.1ms
[2023-11-10T15:53:40.160+0000][gc,phases   ] GC(0)   Post Evacuate Collection Set: 0.5ms
[2023-11-10T15:53:40.160+0000][gc,phases   ] GC(0)   Other: 0.3ms
[2023-11-10T15:53:40.160+0000][gc,heap     ] GC(0) Eden regions: 51->0(44)
[2023-11-10T15:53:40.160+0000][gc,heap     ] GC(0) Survivor regions: 0->7(7)
[2023-11-10T15:53:40.160+0000][gc,heap     ] GC(0) Old regions: 0->0
[2023-11-10T15:53:40.160+0000][gc,heap     ] GC(0) Archive regions: 2->2
[2023-11-10T15:53:40.160+0000][gc,heap     ] GC(0) Humongous regions: 0->0
[2023-11-10T15:53:40.160+0000][gc,metaspace] GC(0) Metaspace: 18959K(19136K)->18959K(19136K) NonClass: 16422K(16512K)->16422K(16512K) Class: 2536K(2624K)->2536K(2624K)
[2023-11-10T15:53:40.160+0000][gc          ] GC(0) Pause Young (Normal) (G1 Evacuation Pause) 51M->7M(1024M) 8.120ms
[2023-11-10T15:53:40.160+0000][gc,cpu      ] GC(0) User=0.01s Sys=0.00s Real=0.01s
[2023-11-10T15:53:40.349+0000][gc,start    ] GC(1) Pause Young (Concurrent Start) (Metadata GC Threshold)
[2023-11-10T15:53:40.349+0000][gc,task     ] GC(1) Using 2 workers of 2 for evacuation
[2023-11-10T15:53:40.365+0000][gc,phases   ] GC(1)   Pre Evacuate Collection Set: 0.1ms
[2023-11-10T15:53:40.365+0000][gc,phases   ] GC(1)   Merge Heap Roots: 0.0ms
[2023-11-10T15:53:40.365+0000][gc,phases   ] GC(1)   Evacuate Collection Set: 14.9ms
[2023-11-10T15:53:40.365+0000][gc,phases   ] GC(1)   Post Evacuate Collection Set: 0.4ms
[2023-11-10T15:53:40.365+0000][gc,phases   ] GC(1)   Other: 0.2ms
[2023-11-10T15:53:40.365+0000][gc,heap     ] GC(1) Eden regions: 9->0(49)
[2023-11-10T15:53:40.365+0000][gc,heap     ] GC(1) Survivor regions: 7->2(7)
[2023-11-10T15:53:40.365+0000][gc,heap     ] GC(1) Old regions: 0->7
[2023-11-10T15:53:40.365+0000][gc,heap     ] GC(1) Archive regions: 2->2
[2023-11-10T15:53:40.365+0000][gc,heap     ] GC(1) Humongous regions: 129->129
[2023-11-10T15:53:40.365+0000][gc,metaspace] GC(1) Metaspace: 21304K(21504K)->21304K(21504K) NonClass: 18465K(18560K)->18465K(18560K) Class: 2839K(2944K)->2839K(2944K)
[2023-11-10T15:53:40.365+0000][gc          ] GC(1) Pause Young (Concurrent Start) (Metadata GC Threshold) 145M->138M(1024M) 15.741ms
[2023-11-10T15:53:40.365+0000][gc,cpu      ] GC(1) User=0.02s Sys=0.00s Real=0.01s
[2023-11-10T15:53:40.365+0000][gc          ] GC(2) Concurrent Mark Cycle
[2023-11-10T15:53:40.365+0000][gc,marking  ] GC(2) Concurrent Clear Claimed Marks
[2023-11-10T15:53:40.365+0000][gc,marking  ] GC(2) Concurrent Clear Claimed Marks 0.024ms
[2023-11-10T15:53:40.365+0000][gc,marking  ] GC(2) Concurrent Scan Root Regions
[2023-11-10T15:53:40.370+0000][gc,marking  ] GC(2) Concurrent Scan Root Regions 4.349ms
[2023-11-10T15:53:40.370+0000][gc,marking  ] GC(2) Concurrent Mark
[2023-11-10T15:53:40.370+0000][gc,marking  ] GC(2) Concurrent Mark From Roots
[2023-11-10T15:53:40.370+0000][gc,task     ] GC(2) Using 1 workers of 1 for marking
[2023-11-10T15:53:40.374+0000][gc,marking  ] GC(2) Concurrent Mark From Roots 4.760ms
[2023-11-10T15:53:40.375+0000][gc,marking  ] GC(2) Concurrent Preclean
[2023-11-10T15:53:40.375+0000][gc,marking  ] GC(2) Concurrent Preclean 0.065ms
[2023-11-10T15:53:40.375+0000][gc,start    ] GC(2) Pause Remark
[2023-11-10T15:53:40.377+0000][gc          ] GC(2) Pause Remark 139M->139M(1024M) 2.541ms
[2023-11-10T15:53:40.377+0000][gc,cpu      ] GC(2) User=0.00s Sys=0.00s Real=0.00s
[2023-11-10T15:53:40.377+0000][gc,marking  ] GC(2) Concurrent Mark 7.724ms
[2023-11-10T15:53:40.377+0000][gc,marking  ] GC(2) Concurrent Rebuild Remembered Sets
[2023-11-10T15:53:40.381+0000][gc,marking  ] GC(2) Concurrent Rebuild Remembered Sets 3.892ms
[2023-11-10T15:53:40.381+0000][gc,start    ] GC(2) Pause Cleanup
[2023-11-10T15:53:40.382+0000][gc          ] GC(2) Pause Cleanup 139M->139M(1024M) 0.080ms
[2023-11-10T15:53:40.382+0000][gc,cpu      ] GC(2) User=0.00s Sys=0.00s Real=0.00s
[2023-11-10T15:53:40.382+0000][gc,marking  ] GC(2) Concurrent Cleanup for Next Mark
[2023-11-10T15:53:40.392+0000][gc,marking  ] GC(2) Concurrent Cleanup for Next Mark 9.965ms
[2023-11-10T15:53:40.392+0000][gc          ] GC(2) Concurrent Mark Cycle 26.359ms
[2023-11-10T16:08:44.460+0000][gc,start    ] GC(3) Pause Young (Normal) (G1 Evacuation Pause)
[2023-11-10T16:08:44.460+0000][gc,task     ] GC(3) Using 2 workers of 2 for evacuation
[2023-11-10T16:08:44.467+0000][gc,phases   ] GC(3)   Pre Evacuate Collection Set: 0.1ms
[2023-11-10T16:08:44.467+0000][gc,phases   ] GC(3)   Merge Heap Roots: 0.1ms
[2023-11-10T16:08:44.467+0000][gc,phases   ] GC(3)   Evacuate Collection Set: 6.1ms
[2023-11-10T16:08:44.467+0000][gc,phases   ] GC(3)   Post Evacuate Collection Set: 0.4ms
[2023-11-10T16:08:44.467+0000][gc,phases   ] GC(3)   Other: 0.2ms
[2023-11-10T16:08:44.467+0000][gc,heap     ] GC(3) Eden regions: 49->0(46)
[2023-11-10T16:08:44.467+0000][gc,heap     ] GC(3) Survivor regions: 2->5(7)
[2023-11-10T16:08:44.467+0000][gc,heap     ] GC(3) Old regions: 7->7
[2023-11-10T16:08:44.467+0000][gc,heap     ] GC(3) Archive regions: 2->2
[2023-11-10T16:08:44.467+0000][gc,heap     ] GC(3) Humongous regions: 129->129
[2023-11-10T16:08:44.467+0000][gc,metaspace] GC(3) Metaspace: 32119K(32384K)->32119K(32384K) NonClass: 28314K(28480K)->28314K(28480K) Class: 3804K(3904K)->3804K(3904K)
[2023-11-10T16:08:44.467+0000][gc          ] GC(3) Pause Young (Normal) (G1 Evacuation Pause) 187M->141M(1024M) 7.133ms
[2023-11-10T16:08:44.467+0000][gc,cpu      ] GC(3) User=0.01s Sys=0.00s Real=0.01s
[2023-11-10T16:31:03.142+0000][gc,start    ] GC(4) Pause Young (Concurrent Start) (Metadata GC Threshold)
[2023-11-10T16:31:03.142+0000][gc,task     ] GC(4) Using 2 workers of 2 for evacuation
[2023-11-10T16:31:03.165+0000][gc,mmu      ] GC(4) MMU target violated: 21.0ms (20.0ms/21.0ms)
[2023-11-10T16:31:03.165+0000][gc,phases   ] GC(4)   Pre Evacuate Collection Set: 0.1ms
[2023-11-10T16:31:03.165+0000][gc,phases   ] GC(4)   Merge Heap Roots: 0.1ms
[2023-11-10T16:31:03.165+0000][gc,phases   ] GC(4)   Evacuate Collection Set: 21.8ms
[2023-11-10T16:31:03.165+0000][gc,phases   ] GC(4)   Post Evacuate Collection Set: 0.6ms
[2023-11-10T16:31:03.165+0000][gc,phases   ] GC(4)   Other: 0.6ms
[2023-11-10T16:31:03.165+0000][gc,heap     ] GC(4) Eden regions: 36->0(49)
[2023-11-10T16:31:03.165+0000][gc,heap     ] GC(4) Survivor regions: 5->2(7)
[2023-11-10T16:31:03.166+0000][gc,heap     ] GC(4) Old regions: 7->12
[2023-11-10T16:31:03.166+0000][gc,heap     ] GC(4) Archive regions: 2->2
[2023-11-10T16:31:03.166+0000][gc,heap     ] GC(4) Humongous regions: 129->129
[2023-11-10T16:31:03.166+0000][gc,metaspace] GC(4) Metaspace: 36056K(36416K)->36056K(36416K) NonClass: 31627K(31808K)->31627K(31808K) Class: 4428K(4608K)->4428K(4608K)
[2023-11-10T16:31:03.166+0000][gc          ] GC(4) Pause Young (Concurrent Start) (Metadata GC Threshold) 177M->143M(1024M) 23.612ms
[2023-11-10T16:31:03.166+0000][gc,cpu      ] GC(4) User=0.04s Sys=0.00s Real=0.02s
[2023-11-10T16:31:03.166+0000][gc          ] GC(5) Concurrent Mark Cycle
[2023-11-10T16:31:03.169+0000][gc,marking  ] GC(5) Concurrent Clear Claimed Marks
[2023-11-10T16:31:03.169+0000][gc,marking  ] GC(5) Concurrent Clear Claimed Marks 0.065ms
[2023-11-10T16:31:03.169+0000][gc,marking  ] GC(5) Concurrent Scan Root Regions
[2023-11-10T16:31:03.174+0000][gc,marking  ] GC(5) Concurrent Scan Root Regions 5.256ms
[2023-11-10T16:31:03.174+0000][gc,marking  ] GC(5) Concurrent Mark
[2023-11-10T16:31:03.174+0000][gc,marking  ] GC(5) Concurrent Mark From Roots
[2023-11-10T16:31:03.174+0000][gc,task     ] GC(5) Using 1 workers of 1 for marking
[2023-11-10T16:31:03.209+0000][gc,marking  ] GC(5) Concurrent Mark From Roots 35.333ms
[2023-11-10T16:31:03.210+0000][gc,marking  ] GC(5) Concurrent Preclean
[2023-11-10T16:31:03.210+0000][gc,marking  ] GC(5) Concurrent Preclean 0.252ms
[2023-11-10T16:31:03.210+0000][gc,start    ] GC(5) Pause Remark
[2023-11-10T16:31:03.224+0000][gc          ] GC(5) Pause Remark 144M->144M(1024M) 13.858ms
[2023-11-10T16:31:03.224+0000][gc,cpu      ] GC(5) User=0.01s Sys=0.00s Real=0.01s
[2023-11-10T16:31:03.227+0000][gc,marking  ] GC(5) Concurrent Mark 53.265ms
[2023-11-10T16:31:03.227+0000][gc,marking  ] GC(5) Concurrent Rebuild Remembered Sets
[2023-11-10T16:31:03.258+0000][gc,marking  ] GC(5) Concurrent Rebuild Remembered Sets 30.530ms
[2023-11-10T16:31:03.258+0000][gc,start    ] GC(5) Pause Cleanup
[2023-11-10T16:31:03.258+0000][gc          ] GC(5) Pause Cleanup 145M->145M(1024M) 0.091ms
[2023-11-10T16:31:03.258+0000][gc,cpu      ] GC(5) User=0.00s Sys=0.00s Real=0.00s
[2023-11-10T16:31:03.258+0000][gc,marking  ] GC(5) Concurrent Cleanup for Next Mark
[2023-11-10T16:31:03.267+0000][gc,marking  ] GC(5) Concurrent Cleanup for Next Mark 8.957ms
[2023-11-10T16:31:03.267+0000][gc          ] GC(5) Concurrent Mark Cycle 101.422ms
[2023-11-10T16:41:52.070+0000][gc,start    ] GC(6) Pause Young (Prepare Mixed) (G1 Evacuation Pause)
[2023-11-10T16:41:52.070+0000][gc,task     ] GC(6) Using 2 workers of 2 for evacuation
[2023-11-10T16:41:52.086+0000][gc,phases   ] GC(6)   Pre Evacuate Collection Set: 0.4ms
[2023-11-10T16:41:52.086+0000][gc,phases   ] GC(6)   Merge Heap Roots: 0.1ms
[2023-11-10T16:41:52.086+0000][gc,phases   ] GC(6)   Evacuate Collection Set: 14.3ms
[2023-11-10T16:41:52.086+0000][gc,phases   ] GC(6)   Post Evacuate Collection Set: 0.9ms
[2023-11-10T16:41:52.086+0000][gc,phases   ] GC(6)   Other: 0.1ms
[2023-11-10T16:41:52.086+0000][gc,heap     ] GC(6) Eden regions: 49->0(46)
[2023-11-10T16:41:52.086+0000][gc,heap     ] GC(6) Survivor regions: 2->5(7)
[2023-11-10T16:41:52.086+0000][gc,heap     ] GC(6) Old regions: 12->12
[2023-11-10T16:41:52.086+0000][gc,heap     ] GC(6) Archive regions: 2->2
[2023-11-10T16:41:52.086+0000][gc,heap     ] GC(6) Humongous regions: 129->129
[2023-11-10T16:41:52.086+0000][gc,metaspace] GC(6) Metaspace: 38371K(38848K)->38371K(38848K) NonClass: 33728K(33984K)->33728K(33984K) Class: 4642K(4864K)->4642K(4864K)
[2023-11-10T16:41:52.086+0000][gc          ] GC(6) Pause Young (Prepare Mixed) (G1 Evacuation Pause) 192M->146M(1024M) 15.999ms
[2023-11-10T16:41:52.086+0000][gc,cpu      ] GC(6) User=0.01s Sys=0.00s Real=0.01s
[2023-11-10T16:56:08.581+0000][gc,start    ] GC(7) Pause Young (Mixed) (G1 Evacuation Pause)
[2023-11-10T16:56:08.581+0000][gc,task     ] GC(7) Using 2 workers of 2 for evacuation
[2023-11-10T16:56:08.587+0000][gc,phases   ] GC(7)   Pre Evacuate Collection Set: 0.1ms
[2023-11-10T16:56:08.588+0000][gc,phases   ] GC(7)   Merge Heap Roots: 0.1ms
[2023-11-10T16:56:08.588+0000][gc,phases   ] GC(7)   Evacuate Collection Set: 6.0ms
[2023-11-10T16:56:08.588+0000][gc,phases   ] GC(7)   Post Evacuate Collection Set: 0.4ms
[2023-11-10T16:56:08.588+0000][gc,phases   ] GC(7)   Other: 0.1ms
[2023-11-10T16:56:08.588+0000][gc,heap     ] GC(7) Eden regions: 46->0(48)
[2023-11-10T16:56:08.588+0000][gc,heap     ] GC(7) Survivor regions: 5->3(7)
[2023-11-10T16:56:08.588+0000][gc,heap     ] GC(7) Old regions: 12->13
[2023-11-10T16:56:08.588+0000][gc,heap     ] GC(7) Archive regions: 2->2
[2023-11-10T16:56:08.588+0000][gc,heap     ] GC(7) Humongous regions: 129->129
[2023-11-10T16:56:08.588+0000][gc,metaspace] GC(7) Metaspace: 38526K(39040K)->38526K(39040K) NonClass: 33877K(34176K)->33877K(34176K) Class: 4649K(4864K)->4649K(4864K)
[2023-11-10T16:56:08.588+0000][gc          ] GC(7) Pause Young (Mixed) (G1 Evacuation Pause) 192M->145M(1024M) 6.994ms
[2023-11-10T16:56:08.588+0000][gc,cpu      ] GC(7) User=0.01s Sys=0.00s Real=0.01s
