[2023-11-10T15:50:52.199+0000][gc] Using G1
[2023-11-10T15:50:52.208+0000][gc,init] Version: 17.0.8.1+1-LTS (release)
[2023-11-10T15:50:52.208+0000][gc,init] CPUs: 2 total, 2 available
[2023-11-10T15:50:52.208+0000][gc,init] Memory: 7929M
[2023-11-10T15:50:52.208+0000][gc,init] Large Page Support: Disabled
[2023-11-10T15:50:52.208+0000][gc,init] NUMA Support: Disabled
[2023-11-10T15:50:52.208+0000][gc,init] Compressed Oops: Enabled (32-bit)
[2023-11-10T15:50:52.208+0000][gc,init] Heap Region Size: 1M
[2023-11-10T15:50:52.208+0000][gc,init] Heap Min Capacity: 512M
[2023-11-10T15:50:52.208+0000][gc,init] Heap Initial Capacity: 512M
[2023-11-10T15:50:52.208+0000][gc,init] Heap Max Capacity: 512M
[2023-11-10T15:50:52.208+0000][gc,init] Pre-touch: Disabled
[2023-11-10T15:50:52.208+0000][gc,init] Parallel Workers: 2
[2023-11-10T15:50:52.208+0000][gc,init] Concurrent Workers: 1
[2023-11-10T15:50:52.208+0000][gc,init] Concurrent Refinement Workers: 2
[2023-11-10T15:50:52.208+0000][gc,init] Periodic GC: Disabled
[2023-11-10T15:50:52.214+0000][gc,metaspace] CDS archive(s) mapped at: [0x00007fec87000000-0x00007fec87beb000-0x00007fec87beb000), size 12496896, SharedBaseAddress: 0x00007fec87000000, ArchiveRelocationMode: 1.
[2023-11-10T15:50:52.214+0000][gc,metaspace] Compressed class space mapped at: 0x00007fec88000000-0x00007fecc8000000, reserved size: 1073741824
[2023-11-10T15:50:52.214+0000][gc,metaspace] Narrow klass base: 0x00007fec87000000, Narrow klass shift: 0, Narrow klass range: 0x100000000
[2023-11-10T16:31:03.540+0000][gc,start    ] GC(0) Pause Young (Normal) (G1 Evacuation Pause)
[2023-11-10T16:31:03.549+0000][gc,task     ] GC(0) Using 2 workers of 2 for evacuation
[2023-11-10T16:31:03.561+0000][gc,phases   ] GC(0)   Pre Evacuate Collection Set: 0.0ms
[2023-11-10T16:31:03.561+0000][gc,phases   ] GC(0)   Merge Heap Roots: 0.0ms
[2023-11-10T16:31:03.561+0000][gc,phases   ] GC(0)   Evacuate Collection Set: 11.0ms
[2023-11-10T16:31:03.561+0000][gc,phases   ] GC(0)   Post Evacuate Collection Set: 0.4ms
[2023-11-10T16:31:03.561+0000][gc,phases   ] GC(0)   Other: 9.5ms
[2023-11-10T16:31:03.562+0000][gc,heap     ] GC(0) Eden regions: 25->0(21)
[2023-11-10T16:31:03.562+0000][gc,heap     ] GC(0) Survivor regions: 0->4(4)
[2023-11-10T16:31:03.562+0000][gc,heap     ] GC(0) Old regions: 0->2
[2023-11-10T16:31:03.562+0000][gc,heap     ] GC(0) Archive regions: 2->2
[2023-11-10T16:31:03.562+0000][gc,heap     ] GC(0) Humongous regions: 0->0
[2023-11-10T16:31:03.562+0000][gc,metaspace] GC(0) Metaspace: 8001K(8192K)->8001K(8192K) NonClass: 7152K(7232K)->7152K(7232K) Class: 849K(960K)->849K(960K)
[2023-11-10T16:31:03.562+0000][gc          ] GC(0) Pause Young (Normal) (G1 Evacuation Pause) 25M->6M(512M) 21.718ms
[2023-11-10T16:31:03.562+0000][gc,cpu      ] GC(0) User=0.01s Sys=0.00s Real=0.02s
